HTTP/1.1 200 OK
Request 1 connected for Client
Request 1 completed